olivarad@OliviasLaptop:~/2400/Labs/lab5$ ssh oradecki@pu1.cs.ohio.edu
oradecki@pu1.cs.ohio.edu's password: 

Please direct all questions to the following

System Administrator
Carl Hawes <hawes@ohio.edu>
You have mail.
Last login: Mon Sep 26 17:06:00 2022 from 10.233.172.50
oradecki@pu1:~$ find /home/oradecki -name "prog*"
/home/oradecki/2400/labs/lab4/prog2.cc
/home/oradecki/2400/labs/lab4/prog1.cc
/home/oradecki/.local/share/Trash/info/prog2.cc.trashinfo
/home/oradecki/.local/share/Trash/files/prog2.cc
find: ‘/home/oradecki/.solregis/disable’: Permission denied
find: ‘/home/oradecki/.solregis/uprops’: Permission denied 
oradecki@pu1:~$ cat /home/oradecki/2400/labs/lab4/prog1
cat: /home/oradecki/2400/labs/lab4/prog1: No such file or directory
oradecki@pu1:~$ cat /home/oradecki/2400/labs/lab4/prog1.cc
/**
 * Olivia Radecki
 * Lab 102
 * program will loop until you enter 42 or 12345
 * */
// Example Program for lab3
#include <iostream>
#include <cstdlib>

using namespace std;

int main()
{
  int number;   // Be sure to add comments for each of these variables
                // that are declared!

  int answer;   // Don't forget this one.

  do
  {
    cout << "Enter a number, and I'll compute the answer:";
    cin >> number;
    switch (number)
    {
    case 42:
      cout << "You have the answer already!\n";
      answer = 42;
      break;
    case 0:
      answer = 0;
      cout << "You've got nothing!\nTry again.\n";
      break;
    case 1:
      answer = number*2;
      cout << "Well, at least you have something\nBut it's not enough, try again.\n";
      break;
    case 13:
      answer = -13;
      cout << "You're very unlucky aren't you.\nTry again.\n";
      break;
    case 21:
      answer = 22;
      cout << "Well, I'll give you one more, but it's still not enough.\n"
           << "Try again.\n";
      break;
    default:
      answer = -1;
      cout << "That number is so bogus, I'm taking what little you have away from you.\n"
           << "Try again, and be smart about it this time.\n";
      break;
    }

  }while (answer != 42 && number != 12345);

  cout << "You've succeeded in getting out of this dumb program!\n"
       << "Congratulations\n";

  return (EXIT_SUCCESS);
}
oradecki@pu1:~$ cat /home/oradecki/2400/labs/lab4/prog2.cc
/**
 *Olivia Radecki (gr982220@ohio.edu)
 *9/21/2022
 * Lab 4 section 102
 **/
#include <iostream>
#include <iomanip>
using namespace std;

int main(){
    cout.setf(ios::fixed);
    cout.precision(2);//sets precision for whole program
    const double HOURS_PER_WEEK = 40.0;
    const double RATE_PER_HOUR = 5.50;
    const double TEN_COMMISSION = 1.10;
    const double FIFTEEN_COMMISSION = 1.15;
    double weekly_sales;

    cout << "Please enter your weekly sales: ";
    cin >> weekly_sales;

    double plan_1 = weekly_sales*TEN_COMMISSION + RATE_PER_HOUR*HOURS_PER_WEEK;//pay with hourly rate
    double plan_2 = weekly_sales*FIFTEEN_COMMISSION;//pay without hourly rate
    if (plan_1 > plan_2)
    {
        cout << "Plan 1 pays $" << plan_1 << endl << "Plan 2 pays $" << plan_2 << endl << "Plan 1 is better" << endl;
    }
    else if (plan_2 > plan_1)
    {
        cout << "Plan 1 pays $" << plan_1 << endl << "Plan 2 pays $" << plan_2 << endl << "Plan 2 is better" << endl;
    }
    else
    {
        cout << "Plan 1 pays $" << plan_1 << endl << "Plan 2 pays $" << plan_2 << endl << "Plan 1 and plan 2 are equal" << endl;
    }
    return(0);
}oradecki@pu1:~$ cd
oradecki@pu1:~$ find . -name "lab1.cc" 
find: ‘./.solregis/disable’: Permission denied
find: ‘./.solregis/uprops’: Permission denied
oradecki@pu1:~$ cd home
-bash: cd: home: No such file or directory
oradecki@pu1:~$ cd /home
oradecki@pu1:/home$ find . -name "lab1.cc" 
find: ‘./oradecki/.solregis/disable’: Permission denied
find: ‘./oradecki/.solregis/uprops’: Permission denied
oradecki@pu1:/home$ grep apple /home/nabukama/2400/lab5/fruits.
grep: /home/nabukama/2400/lab5/fruits.: No such file or directory
oradecki@pu1:/home$ grep apple /home/nabukama/2400/lab5/fruits.
grep: /home/nabukama/2400/lab5/fruits.: No such file or directory
oradecki@pu1:/home$ grep apple /home/nabukama/2400/lab5/fruits.
grep: /home/nabukama/2400/lab5/fruits.: No such file or directory
oradecki@pu1:/home$ grep apple /home/nabukama/2400/lab5/fruits
apple   1       1
apple   1       2
apple   1       3
apple   1       4
oradecki@pu1:/home$ cat /home/nabukama/2400/lab5/fruits
apple   1       1
pear    2       2
banana  3       3
apple   1       2
apple   1       3
apple   1       4
pear    2       3
banana  3       4
kumkwat 5       5
oradecki@pu1:/home$ cd /home/nabukama/2400/practice
oradecki@pu1:/home/nabukama/2400/practice$ ls
practice_probs1.pdf
oradecki@pu1:/home/nabukama/2400/practice$ cp practice_probs1.pdf /home/oradecki/2400/labs/lab5
oradecki@pu1:/home/nabukama/2400/practice$ cd
oradecki@pu1:~$ cd labs/lab5
-bash: cd: labs/lab5: No such file or directory
oradecki@pu1:~$ ls
2400  Desktop  Documents  Downloads  git-lab  git-lab-2  Music  Pictures  Public  README.FOR.NEW.USERS  Templates  Videos
oradecki@pu1:~$ cd 2400/labs/lab5
oradecki@pu1:~/2400/labs/lab5$ ls
lab5.cc  practice_probs1.pdf
oradecki@pu1:~/2400/labs/lab5$ cat practice_probs1.cc
cat: practice_probs1.cc: No such file or directory
oradecki@pu1:~/2400/labs/lab5$ cat . practice_probs1.cc
cat: .: Is a directory
cat: practice_probs1.cc: No such file or directory
oradecki@pu1:~/2400/labs/lab5$ cat /home/oradecki/2400/labs/lab5 practice_probs1.pdf
cat: /home/oradecki/2400/labs/lab5: Is a directory
%PDF-1.4
%쏢
5 0 obj
<</Length 6 0 R/Filter /FlateDecode>>
stream
x\[o_q��Xl!A>}%Kr-v9v:Jǲl-.9|slIlf>yyns~}0o&ur#7Nh9:;HIolP?mSPJ_wf%fC1Y-Qǹ{gqC|,uFoۻfcky)fw.h36s
                                                                                                {t'I ug痻ChH(L*ߏ~
8J;֡jrvsLSgoK$I=I=iB.~;(.��:*`ܞ
nDy!H��q66 dYSX٤Qp��E*?
                       JUޮCA !:=IHRz%:I)M39PI7MGkkG@d^ AWjeӸԛxӾ"L_yYYev]ΊmDfOa띀=|F
ؐ׹륤-%I1Ε3;o{%cQ "Т(PU;yJ`#R`?F,&)/a
                                    @pvj      q      K#      d"8(xe        (R2
~M-FDvYMu~BV'akNt]f`
320Q)x-"IDAgAt\<L2׺Ef83:d7Ȥ"
                            Fh<    (]-&m\VѱL8n}ړ͖.٣0ތM\hY<$ˈY$14*_IEد̡+.V
\6"OYojA;P`bV?l

               ,%GLo_Q
BAëA
    n<Pc܎ru%;)q.kv%FAKr4ŕ,Thd:*y:ρ^ة.&4,$B6uq<9.KTPa
lM+XrF<낹l{7݂R$_q畈vt{
                     8
2
}m>!KcAbwj.~4lZ]O;/jkٹ$0u\
tox
(<8cgT/ɡ]8tFcMx=PfSYN뀺,S2~2j",S4}.v6k[ކaҶI{,ϵ/%rZFt;m @_ucLve:?>T(ӓGR
                                                                      ޠcN4qogR
                                                                              j��S
                                                                                   EfiOOMyAW}b<j
3XmHBѷ
       @zAv㤜f2V$1$8+LR
&cGh}]q~ƲBJY/
             7jm     R,gİp4f#'NcxTOT9ڲ
                                      JqO:maU+D7ZlrfÝ^ȝRC
                                                         `:hP<g&
                                                                ԔhMNvMM\9wsd[L[Y}ӼY@CT̒RWQO1|%[Kӡ$
>+��_7ӡTupS|=78ݗO0]z
r26қډEL4õ
Nwev3⤐p3}I\]t-1BGEM]#0gD|ȣܝ4
f%f;Yu1p#D`"
            8F/!!"®c;0eZ(j^k0cIdܗ"CAm"U66n\o~Rrڍeh\z#̖8kL813b   kb?IvE'"pj;<\إI}z{(pw9
*v!zFNZK.~'&{N      ̥򱸌 =ZOcvk@OafGzće
                                    HZ WGik
)摷+EӚ
      {@.&ڋgh绶-8YbslM}Pthu_=zPV
FjW[%YeQqnL⨆KB:Bh1!׼iN
                      Hjm`2F!ey'wEn$@8X|k9>}Ԇ4ZB/6yE+0ZPoQ2v|Ke)`R`)Իr��&<bW׆rЈЙΫ8hoXߍ
                                                                                      k@Jﲻ74*>wU:Aʮ(Ksb'%c4
                                                                                                           0jgt$~5UI f"oo)Pt%0^g#tcw}8g2

=oo9orG>o!{��nP
               J93˫%/��bGEXmnx=́x PF>[Jz$wϚI6
                                            /&մ,iBqOarCK咇~4|P38_d)ϏywccM
                                                                         k.Sn   h?JQU=~68$`ZǦFFEnNyۻXfm0$QP
Ik}OޘY}1`#eȧӾk3G55(WboLq
                        .'t-q7jJm"%km#^׫.\C뼱Yl1hWBmY6^8B6xoX/ւ9Kߥ}K7&Ҧ˔]7KrxtXendstream
endobj
6 0 obj
3993
endobj
35 0 obj
<</Length 36 0 R/Filter /FlateDecode>>
stream
xTn0+(b!9$@^zk[Cȱil'qR3*R bqwäPLƯO]3.L휬MSIς0hc4/*(
9°r*/C^XPeHϒ
            Rx4#
                H׵U^P׹y4>/$!��p4es<AhmnU>i拼+,=U
\[MLc |P-qu D/&"&g&T9y%9i)7Q<ʋM8
lFS۽ZZH"NYAVNIH"u2!)gb>Ǯsnع_E P
                               LǋV,6`\rL,pQڝ|8HSG
                                                 Uo?t{;Z҆ {uԯendstream:E$:}Y>8`I6%jk
endobj
36 0 obj
700
endobj
4 0 obj
<</Type/Page/MediaBox [0 0 612 792]
/Rotate 0/Parent 3 0 R
/Resources<</ProcSet[/PDF /Text]
/ExtGState 32 0 R
/Font 33 0 R
>>
/Contents 5 0 R
>>
endobj
34 0 obj
<</Type/Page/MediaBox [0 0 612 792]
/Rotate 0/Parent 3 0 R
/Resources<</ProcSet[/PDF /Text]
/ExtGState 60 0 R
/Font 61 0 R
>>
/Contents 35 0 R
>>
endobj
3 0 obj
<< /Type /Pages /Kids [
4 0 R
34 0 R
] /Count 2
>>
endobj
1 0 obj
<</Type /Catalog /Pages 3 0 R
/Metadata 65 0 R
>>
endobj
7 0 obj
<</Type/ExtGState
/OPM 1>>endobj
32 0 obj
<</R7
7 0 R>>
endobj
33 0 obj
<</R9
9 0 R/R8
8 0 R/R11
11 0 R>>
endobj
60 0 obj
<</R7
7 0 R>>
endobj
61 0 obj
<</R8
8 0 R/R11
11 0 R>>
endobj
24 0 obj
<</Filter/FlateDecode/Length 201>>stream
x31Q0P0b#SCC.=C a\BcK Palhkgiiia
wU()*M*w
pVR.@c݀o]s~Nin^1P
                ?1>qڳȷ/|//&W[uޘH,SI4:`G)#B D
endstream
endobj
21 0 obj
<</Filter/FlateDecode/Length 178>>stream
x31Q0P04U54R0T06SH1230
!U`hbT00i24i3:yr{*rr{q;8+rDwwvvrllڹsJsZ<]<|n:gٗ/ۺ]QuTE\ee`r8
endstream
endobj
18 0 obj
<</Filter/FlateDecode/Length 214>>stream
x31Q0P0Q5T0T05RH1230

rN\ljT052L

%E\@\@U\N
/_q/|G{ܩos׶fxSo8j[_]rҗU9E7lp0+#B gE
endstream
endobj
15 0 obj
<</Filter/FlateDecode/Length 160>>stream
x31Q0P0U5W0P0PH1230

rN\llT032L
%E\@\@U\N
\.@Cc݀o]s~Nin^1PY[+ $xTlQ.WO@.^?
endstream
endobj
12 0 obj
<</Filter/FlateDecode/Length 148>>stream
x31Q0P0V04S0&
)\z@A 1s
��
@!aj   sU()*M*w
pV0w˥{+esJsZ<]V>SHU
                   \
\&h
endstream
endobj
59 0 obj
<</Filter/FlateDecode/Length 170>>stream
x31Q0P0aKc3C.=C a\BX064PеԳ0;yr{*rp{IgC.}h��\nn@n.P9?47ΎEAmϛt[d
                                                              M
{_{/dJ.WO@.\X84
endstream
endobj
56 0 obj
<</Filter/FlateDecode/Length 192>>stream
x31Q0P0b#c3C.=a\BC Pahhkgiiia
wU()*M*w
pVr\r;;66
@ܼb;;.O&ozɇ3 W'/[7oWbP`rNG
endstream
endobj
53 0 obj
<</Filter/FlateDecode/Length 154>>stream
x31Q0P0bcKSCC.=C a\Bc PPеԳ0;yr{*rs{q;8+)h��\nn@n.P9?47ΎEAmr1cw|8\=I;
endstream
endobj
50 0 obj
<</Filter/FlateDecode/Length 196>>stream
x31Q0P0bSCC.=a\BcK Pahhkgiiia
wU()*M*w
pVR.@c݀o]s~Nin^1PڊFGZ~?<YCOk-Hӳo]z0dEb. F{
endstream
endobj
47 0 obj
<</Filter/FlateDecode/Length 194>>stream
x31Q0PacKc3C.=C a\BcS Pabhkgiiia
wU()*M*w
pV0w˥{+esJsZ<]<k|?Uח_hg{"}?B=uGGBS!
                                   =
endstream
endobj
44 0 obj
<</Filter/FlateDecode/Length 161>>stream
x31Q0P0U5W0P0PH1230

rN\llT032L
%E\@\@U\N
\.@Cc݀o]s~Nin^1Pڊi|^Bb;AS!
                         uNH
endstream
endobj
41 0 obj
<</Filter/FlateDecode/Length 177>>stream
x31Q0P0bcs3C.=C a\BcS Padhkgiiia
wU()*M*w
pV0w˥{+esJsZ<]us`uv6]DX\=|\9
endstream
endobj
38 0 obj
<</Filter/FlateDecode/Length 188>>stream
x31Q0P0bcKc3C.=C a\Bcc Pafhkgiiia
wU()*M*w
pV0w˥{+esJsZ<]<1jћy/&$X}{OL3ovAl׭    X\=F:l
endstream
endobj
31 0 obj
<</Filter/FlateDecode/Length 184>>stream
x31Q0P0U5W0P0PH1230

rN\llT032L
%E\@\@U\N
\.@Cc݀o]s~Nin^1Pڊ
                "Ot?afƂ
]0;YO4uXĠ_D.
endstream
endobj
28 0 obj
<</Filter/FlateDecode/Length 172>>stream
x31Q0P0a3SCC.=C a\Bcc Palhkgiiia
wU()*M*w
pVR.@c݀o]s~Nin^1Ps֫'nz+>OVCB =
endstream
endobj
25 0 obj
<</Filter/FlateDecode/Length 186>>stream
x31Q0P04QеP06S0PH1230!U`ddT033142K:yr{*rUr{q;8+rDMwwvvrllt29y@-vv\.
j
 e]
f_J{r} ۷Y

L\
\C
endstream
endobj
22 0 obj
<</Filter/FlateDecode/Length 200>>stream
x31Q0Pccc3C.=C a\BcK Pabhkgiiia
wU()*M*w
pV0w˥{+esJsZ<]+U8|h~|{VX[$z
                           }W_vopܡ7ko
l8TaขS!
       @
endstream
endobj
19 0 obj
<</Filter/FlateDecode/Length 157>>stream
L-RN\0V0S01P01QH1230!U`lnT02
%E\@u\@E\N
I��B+݀o]s~Nin^1Pڂ
!\=
   3
endstream
endobj
16 0 obj
<</Filter/FlateDecode/Length 205>>stream
x31Q0PacKS#C.=C a\BcS Pabhkgiiia
wU()*M*w
pV0w˥{+esJsZ<]e|ECK˾/?*v^t                                          3tuuuTlٲC
                                                                             ',`bPrLq?
endstream
endobj
13 0 obj
<</Filter/FlateDecode/Length 189>>stream
x31Q0P0bCS#C.=C a\BcK Padhkgiiia
wU()*M*w
pV0w˥{+esJsZ<]nUUҗ N|hM'o5p04pz*rD
endstream
endobj
57 0 obj
<</Filter/FlateDecode/Length 220>>stream
x31Q0P0V5W01P0PH1230

rN\lnT032
%E\@\@U\N
\.@Cc݀o]s~Nin^1Pڲ   
                   寗\믯59t}oݶYs[u}=(|_k_k_[w_/ǿv!с��S!
                                                       2S0
endstream
endobj
54 0 obj
<</Filter/FlateDecode/Length 167>>stream
x31Q0PbcsS#C.=C a\B#
                     Paihkgiiia
wU()*M*w
B;0w˥{+esJsZ<]1_[[z{jHQ:}S'W58\=
endstream
endobj
51 0 obj
<</Filter/FlateDecode/Length 177>>stream
x31Q0P0bc3C.=C a\Bc
                    Padhkgiiia
wU()*M*w
j`hr7˥{+esJsZ<]V9"'|(jSzcou_?]
endstream
endobj
48 0 obj
<</Filter/FlateDecode/Length 172>>stream
x31Q0P0bCc3C.=C a\BcK Padhkgiiia
wU()*M*w
pV0w˥{+esJsZ<]V2{ߖ*TNm
                      \=!=;
endstream
endobj
45 0 obj
<</Filter/FlateDecode/Length 162>>stream
x31Q0P0bCSCC.=C a\BcK Padhkgiiia
wU()*M*w
pVR.@c݀o]s~Nin^1PJY7qOxF.WO@.{;4
endstream
endobj
42 0 obj
<</Filter/FlateDecode/Length 190>>stream
-RN\P0U0Q0P01SH1230!U`llT012L
%E\@u\@E\N
\.@3c݀o]s~Nin^1Pڂ
                bk6Lk:͡eř{r۷ݓؘ>|ϣ56T
endstream
endobj
39 0 obj
<</Filter/FlateDecode/Length 192>>stream
x31Q0PacKc3C.=C a\BcS Pabhkgiiia
wU()*M*w
pV0w˥{+esJsZ<]5Lh>ak+B_j��mzi9s®ID$&0rz*r:z
endstream
endobj
29 0 obj
<</Filter/FlateDecode/Length 206>>stream
@
 ��N\0R5P01T06SH1230!U`liT052

%E\@\@e\N
\.@Sc݀ov.}ܼb;;.OLKwzmpz[[_e_[׾zBb®]vЁ��S!
                                       bH
endstream
endobj
26 0 obj
<</Filter/FlateDecode/Length 186>>stream
x31Q0P0WеP0T0PH1230

rN\ddT032
%E\@\@U\N
\.@Cc݀o]s~Nin^1PڊwOk_ X믯l}
jj`hrWC
endstream
endobj
23 0 obj
<</Filter/FlateDecode/Length 175>>stream
x31Q0P0b#c3C.=a\BC Pahhkgiiia
wU()*M*w
pVr\r;;66
@ܼb;;.O
      bo*2Wϒ'?eM`drA
endstream
endobj
20 0 obj
<</Filter/FlateDecode/Length 210>>stream
x31Q0P0Q5T0T05RH1230

rN\ljT052L

%E\@\@U\N
\.@Cc݀onX\=hE'*4>doyFnr]_2{iS$w>I7W}6:M]w)Zt
endstream
endobj
17 0 obj
<</Filter/FlateDecode/Length 191>>stream
x31Q0P0S0W06W01VH1230!U`lhT062
                              ,ɥPRTʥTǥTĥD͌wwvvrllt29y@-vv\.
j
 1_G:NIL""17ˇ-23
                6.:7NW04ppz*rX<k
endstream
endobj
14 0 obj
<</Filter/FlateDecode/Length 178>>stream
x31Q0P0Q5T0T05RH1230

rN\ljT052L

%E\@\@U\N
\.@Cc݀on.}ܼb;;.O7L8.\2t}T@Kw#B ";;
endstream
endobj
10 0 obj
<</Filter/FlateDecode/Length 196>>stream
x31Q0P0bCc3C.=C a\BcK Padhkgiiia
wU()*M*w
pV0w˥{+esJsZ<]v^h\oJ[Eܴ[ѥȍoKţ_M7˽-[-;9t<&.WO@.B-
endstream
endobj
58 0 obj
<</Filter/FlateDecode/Length 192>>stream
-RN\P0U0Q0P01SH1230!U`llT012L
%E\@u\@E\N
>\a6ÇyG8&겶lpL.r-
                 Ё��S!
                      07
endstream
endobj
55 0 obj
<</Filter/FlateDecode/Length 157>>stream
x31Q0P04F
f
)\z@>ɹ\
`A*C]K=KKK
          S'O.}O_T.pj.}R.}g %hr,cﭠ
                                  q)+jtQP۠kk_mennrX\=I|,
endstream
endobj
52 0 obj
<</Filter/FlateDecode/Length 200>>stream
x31Q0P0bc
         c3C.=C a\Bc# Pafhkgiiia
wU()*M*w
pV0w˥{+esJsZ<]  Isem+m|S@MǦD2ާI޿HRU#@8
endstream
endobj
49 0 obj
<</Filter/FlateDecode/Length 187>>stream
x31Q0P5&&
f
)\z >ɹ\
&`A* C,---LAN\
%E\@\@\N
\.@c݀o\9y@-vv\.
j+ΜP;ģԙsQV~]N6\Z_`I
endstream
endobj
46 0 obj
<</Filter/FlateDecode/Length 181>>stream
x31Q0P0b#SCC.=a\BC Pahhkgiiia
wU()*M*w
\R.@c݀o]s~Nin^1PڊƮfs,a'R~_d/uOS

\YG
endstream
endobj
43 0 obj
<</Filter/FlateDecode/Length 157>>stream
x31Q0PT02W06Q05RH1230
wwvvrllt29y@vv\.rD
j;78l7l_{/AS!
             2
endstream
endobj
40 0 obj
<</Filter/FlateDecode/Length 170>>stream
x31Q0P0b#c3C.=a\BC Pahhkgiiia
wU()*M*w
pVr\r;;66
@ܼb;;.O
      ]?9#y۲S^}ASF.WO@.;@C
endstream
endobj
37 0 obj
<</Filter/FlateDecode/Length 205>>stream
x31Q0P0Q5T0T05RH1230

!U`ljT052L
 rN\
%E\@\@U\N
\.@Cc݀on.}ܼb;;.O>do7
                  {k&׿47˯|+Mv-o{o;v6    m6:ŠcId
endstream
endobj
30 0 obj
<</Filter/FlateDecode/Length 181>>stream
x31Q0P0U5W0P0PH1230

rN\llT032L
%E\@\@U\N
\.@Cc݀o]s~Nin^1Pڂ؄9:"
                   v       ;C:|#&<l
                                   \=Uo@
endstream
endobj
27 0 obj
<</Filter/FlateDecode/Length 169>>stream
x31Q0P0bc
         S#C.=C a\BcC Panhkgiiia
wU()*M*w
pVr\r;;66
@ܼb;;.Om?-O+~:Vz1(0qz*rˀ9
endstream
endobj
9 0 obj
<</BaseFont/Helvetica-Bold/Type/Font
/Subtype/Type1>>
endobj
8 0 obj
<</BaseFont/Helvetica/Type/Font
/Encoding 62 0 R/Subtype/Type1>>
endobj
62 0 obj
<</Type/Encoding/Differences[
2/fi]>>
endobj
63 0 obj
<</Filter/FlateDecode/Length 160>>stream
x]O10

 HL.
    2D!
       }I.|D/J`H_#49t2qA6ٝLeS􆖠DTZ     b'Φ
RO%Gs$#q*EK\1~ >l_]S-
endstream
endobj
11 0 obj
<</ToUnicode 63 0 R/Type/Font
/Encoding 64 0 R/CharProcs <</DE 59 0 R
/BQ 58 0 R
/B1 57 0 R
/DB 56 0 R
/BM 55 0 R
/BD 54 0 R
/D0 53 0 R
/D7 52 0 R
/D6 51 0 R
/CQ 50 0 R
/D1 49 0 R
/DA 48 0 R
/CT 47 0 R
/CW 46 0 R
/CC 45 0 R
/CK 44 0 R
/AY 43 0 R
/BO 42 0 R
/D8 41 0 R
/D9 40 0 R
/D3 39 0 R
/CR 38 0 R
/BC 37 0 R
/DH 31 0 R
/DF 30 0 R
/DD 29 0 R
/CU 28 0 R
/CX 27 0 R
/B5 26 0 R
/B4 25 0 R
/CS 24 0 R
/D2 23 0 R
/CP 22 0 R
/BN 21 0 R
/BF 20 0 R
/B7 19 0 R
/BL 18 0 R
/B6 17 0 R
/BE 16 0 R
/BB 15 0 R
/BJ 14 0 R
/BG 13 0 R
/BP 12 0 R
/DC 10 0 R
>>/FontMatrix[1 0 0 -1 0 0]/FontBBox[0 0 1 -1]/FirstChar 34/LastChar 125/Widths[ 44 0 0 44 0 0 44 44 44 44 0 0 0 44
44 44 44 44 44 0 0 44 0 44 44 44 44 44 44 0
0 0 0 0 0 0 0 0 0 0 0 0 0 0 0 0
0 0 0 0 44 0 0 0 0 0 0 0 44 0 0 0
0 44 44 44 44 44 44 0 44 44 0 0 44 44 44 44
0 0 44 44 44 44 44 44 44 44 44 44 0 44]
/Subtype/Type3>>
endobj
64 0 obj
<</Type/Encoding/BaseEncoding/WinAnsiEncoding/Differences[
34/AY
37/B1
40/B4/B5/B6/B7
47/BB/BC/BD/BE/BF/BG
55/BJ
57/BL/BM/BN/BO/BP/BQ
84/CC
92/CK
97/CP/CQ/CR/CS/CT/CU
104/CW/CX
108/D0/D1/D2/D3
114/D6/D7/D8/D9/DA/DB/DC/DD/DE/DF
125/DH]>>
endobj
65 0 obj
<</Type/Metadata
/Subtype/XML/Length 1387>>stream
<?xpacket begin='' id='W5M0MpCehiHzreSzNTczkc9d'?>
<?adobe-xap-filters esc="CRLF"?>
<x:xmpmeta xmlns:x='adobe:ns:meta/' x:xmptk='XMP toolkit 2.9.1-13, framework 1.6'>
<rdf:RDF xmlns:rdf='http://www.w3.org/1999/02/22-rdf-syntax-ns#' xmlns:iX='http://ns.adobe.com/iX/1.0/'>
<rdf:Description rdf:about='uuid:98666b19-acc9-11ed-0000-c4d4dfcac947' xmlns:pdf='http://ns.adobe.com/pdf/1.3/' pdf:Producer='GPL Ghostscript 9.06'/>
<rdf:Description rdf:about='uuid:98666b19-acc9-11ed-0000-c4d4dfcac947' xmlns:xmp='http://ns.adobe.com/xap/1.0/'><xmp:ModifyDate>2013-02-11T19:42:15-05:00</xmp:ModifyDate>
<xmp:CreateDate>2013-02-11T19:42:15-05:00</xmp:CreateDate>
<xmp:CreatorTool>dvips(k) 5.95a Copyright 2005 Radical Eye Software</xmp:CreatorTool></rdf:Description>
<rdf:Description rdf:about='uuid:98666b19-acc9-11ed-0000-c4d4dfcac947' xmlns:xapMM='http://ns.adobe.com/xap/1.0/mm/' xapMM:DocumentID='uuid:98666b19-acc9-11ed-0000-c4d4dfcac947'/>
<rdf:Description rdf:about='uuid:98666b19-acc9-11ed-0000-c4d4dfcac947' xmlns:dc='http://purl.org/dc/elements/1.1/' dc:format='application/pdf'><dc:title><rdf:Alt><rdf:li xml:lang='x-default'>practice_probs1.dvi</rdf:li></rdf:Alt></dc:title></rdf:Description>
</rdf:RDF>
</x:xmpmeta>


<?xpacket end='w'?>
endstream
endobj
2 0 obj
<</Producer(GPL Ghostscript 9.06)
/CreationDate(D:20130211194215-05'00')
/ModDate(D:20130211194215-05'00')
/Creator(dvips\(k\) 5.95a Copyright 2005 Radical Eye Software)
/Title(practice_probs1.dvi)>>endobj
xref
0 66
0000000000 65535 f
0000005278 00000 n
0000019608 00000 n
0000005212 00000 n
0000004890 00000 n
0000000015 00000 n
0000004078 00000 n
0000005343 00000 n
0000016643 00000 n
0000016574 00000 n
0000013831 00000 n
0000017005 00000 n
0000006560 00000 n
0000010264 00000 n
0000013585 00000 n
0000006332 00000 n
0000009991 00000 n
0000013326 00000 n
0000006050 00000 n
0000009766 00000 n
0000013048 00000 n
0000005804 00000 n
0000009498 00000 n
0000012805 00000 n
0000005535 00000 n
0000009244 00000 n
0000012551 00000 n
0000016337 00000 n
0000009004 00000 n
0000012277 00000 n
0000016088 00000 n
0000008752 00000 n
0000005384 00000 n
0000005414 00000 n
0000005050 00000 n
0000004098 00000 n
0000004870 00000 n
0000015815 00000 n
0000008496 00000 n
0000012017 00000 n
0000015577 00000 n
0000008251 00000 n
0000011759 00000 n
0000015352 00000 n
0000008022 00000 n
0000011529 00000 n
0000015103 00000 n
0000007760 00000 n
0000011289 00000 n
0000014848 00000 n
0000007496 00000 n
0000011044 00000 n
0000014580 00000 n
0000007274 00000 n
0000010809 00000 n
0000014355 00000 n
0000007014 00000 n
0000010521 00000 n
0000014095 00000 n
0000006776 00000 n
0000005464 00000 n
0000005494 00000 n
0000016723 00000 n
0000016777 00000 n
0000017891 00000 n
0000018144 00000 n
trailer
<< /Size 66 /Root 1 0 R /Info 2 0 R
/ID [<A9DC81E28FDF54D420FF4D3E3F98E67F><A9DC81E28FDF54D420FF4D3E3F98E67F>]
>>
startxref
19822
%%EOF
oradecki@pu1:~/2400/labs/lab5$ evince /home/oradecki/2400/labs/lab5 practice_probs1.pdf
Unable to init server: Could not connect: Connection refused
Cannot parse arguments: Cannot open display:
oradecki@pu1:~/2400/labs/lab5$ 